<html>
<body>
<pre>
<h1>µVision Build Log</h1>
<h2>Project:</h2>
D:\EclipseWorkspace\ISAP100_Realese\ISAP100_Realese.uvproj
Project File Date:  10/26/2017

<h2>Output:</h2>
Build target 'LPC3250'
linking...
Program Size: Code=666400 RO-data=64124 RW-data=3976 ZI-data=5806164  
User command #1: fromelf --bin --output ./bin/ISAP100_Release.bin ./UV4Build/ISAP100_Release.axf
".\UV4Build\ISAP100_Release.axf" - 0 Error(s), 0 Warning(s).
Build target 'LPC3250'
compiling ISAP_RTX.cpp...
compiling Task_OnlineCheck.cpp...
compiling Task_EthernetRcv.cpp...
compiling Task_led.cpp...
compiling Task_Led_E1.cpp...
compiling Task_config_store.cpp...
compiling Task_alarm.cpp...
compiling Mid_FlashData.c...
compiling Mid_power_voltage.cpp...
compiling MidoptDCC.cpp...
compiling CLI_Config_cmd_group.cpp...
compiling CLI_Debug_cmd_group.cpp...
compiling ChipSlotLogic.c...
compiling RTL8306ESwitch.cpp...
compiling CMibBasicAttribute.cpp...
compiling CMibCommunicationAttribute.cpp...
compiling CMibVersionInfoTable.cpp...
compiling CStdSystem.cpp...
compiling CMSSave.cpp...
compiling CAttributeFlash.cpp...
compiling CDeviceAttribute.cpp...
compiling CISAP100Factory.cpp...
compiling DeviceLocal.cpp...
compiling CMainBoard.cpp...
compiling CEMUX10Factory.cpp...
compiling CTMFactory.cpp...
compiling EthBoard.cpp...
compiling CUnframeE1.cpp...
compiling CUInterface.cpp...
compiling CUpE1Port.cpp...
compiling CNME1Port.cpp...
compiling CVC12CrossConnectionMagager.cpp...
compiling CTSCrossConnectionManager.cpp...
compiling CExtCard4E1.cpp...
compiling CExtCard8VF.cpp...
compiling CCardOnlineChecker.cpp...
compiling CIsapSlot.cpp...
compiling CExtCard8Data.cpp...
compiling CExtCard2BD.cpp...
compiling TableDevice.cpp...
compiling TableSlot.cpp...
compiling CMibSTMConfig.cpp...
compiling CMibSTMOverheadTable.cpp...
compiling CMibE1PortTable.cpp...
compiling CMibSTMAlarmProperty.cpp...
compiling CMibVcgConfigTable.cpp...
compiling CMibVcgMemberTable.cpp...
compiling CMibDebug.cpp...
compiling CSTM.cpp...
compiling SDHGroup.cpp...
compiling CMibMappingAddTable.cpp...
compiling CMibMappingProperty.cpp...
compiling CMibXCAddTable.cpp...
compiling CMibXCProperty.cpp...
compiling SlotLogicLX9.cpp...
compiling Lpc3250upload.cpp...
compiling cfg_save_nand.c...
compiling CVCG.cpp...
compiling CVCGGroup.cpp...
compiling PortEth.cpp...
compiling SwitchModule.cpp...
compiling CVFPort.cpp...
compiling CDataPort.cpp...
compiling InnerDCCManager.cpp...
compiling DCNXe1Snd.cpp...
compiling UpE1DCNChannelSnd.cpp...
compiling UpE1SabitChannelSnd.cpp...
compiling TopoManager.cpp...
linking...
Program Size: Code=666700 RO-data=64124 RW-data=3980 ZI-data=5806148  
User command #1: fromelf --bin --output ./bin/ISAP100_Release.bin ./UV4Build/ISAP100_Release.axf
".\UV4Build\ISAP100_Release.axf" - 0 Error(s), 0 Warning(s).
Build target 'LPC3250'
compiling ISAP_RTX.cpp...
compiling Task_OnlineCheck.cpp...
compiling Task_EthernetRcv.cpp...
compiling Task_led.cpp...
compiling Task_Led_E1.cpp...
compiling Task_config_store.cpp...
compiling Task_alarm.cpp...
compiling Mid_FlashData.c...
compiling Mid_power_voltage.cpp...
compiling MidoptDCC.cpp...
compiling CLI_Config_cmd_group.cpp...
compiling CLI_Debug_cmd_group.cpp...
compiling ChipSlotLogic.c...
compiling CMibBasicAttribute.cpp...
compiling CMibCommunicationAttribute.cpp...
compiling CMibVersionInfoTable.cpp...
compiling CStdSystem.cpp...
compiling CMSSave.cpp...
compiling CAttributeFlash.cpp...
compiling CDeviceAttribute.cpp...
compiling CISAP100Factory.cpp...
compiling DeviceLocal.cpp...
compiling CMainBoard.cpp...
compiling CEMUX10Factory.cpp...
compiling CTMFactory.cpp...
compiling EthBoard.cpp...
compiling CUnframeE1.cpp...
compiling CUInterface.cpp...
compiling CUpE1Port.cpp...
compiling CNME1Port.cpp...
compiling CVC12CrossConnectionMagager.cpp...
compiling CTSCrossConnectionManager.cpp...
compiling CExtCard4E1.cpp...
compiling CExtCard8VF.cpp...
compiling CCardOnlineChecker.cpp...
compiling CIsapSlot.cpp...
compiling CExtCard8Data.cpp...
compiling CExtCard2BD.cpp...
compiling TableDevice.cpp...
compiling TableSlot.cpp...
compiling CMibSTMConfig.cpp...
compiling CMibSTMOverheadTable.cpp...
compiling CMibE1PortTable.cpp...
compiling CMibSTMAlarmProperty.cpp...
compiling CMibVcgConfigTable.cpp...
compiling CMibVcgMemberTable.cpp...
compiling CMibDebug.cpp...
compiling CSTM.cpp...
compiling SDHGroup.cpp...
compiling CMibMappingAddTable.cpp...
compiling CMibMappingProperty.cpp...
compiling CMibXCAddTable.cpp...
compiling CMibXCProperty.cpp...
compiling SlotLogicLX9.cpp...
compiling Lpc3250upload.cpp...
compiling cfg_save_nand.c...
compiling CVCG.cpp...
compiling CVCGGroup.cpp...
compiling PortEth.cpp...
compiling SwitchModule.cpp...
compiling CVFPort.cpp...
compiling CDataPort.cpp...
compiling InnerDCCManager.cpp...
compiling DCNXe1Snd.cpp...
compiling UpE1DCNChannelSnd.cpp...
compiling UpE1SabitChannelSnd.cpp...
compiling TopoManager.cpp...
linking...
Program Size: Code=666700 RO-data=64124 RW-data=3980 ZI-data=5806148  
User command #1: fromelf --bin --output ./bin/ISAP100_Release.bin ./UV4Build/ISAP100_Release.axf
".\UV4Build\ISAP100_Release.axf" - 0 Error(s), 0 Warning(s).
Build target 'LPC3250'
compiling ISAP_RTX.cpp...
compiling Task_OnlineCheck.cpp...
compiling Task_EthernetRcv.cpp...
compiling Task_led.cpp...
compiling Task_Led_E1.cpp...
compiling Task_config_store.cpp...
compiling Task_alarm.cpp...
compiling Mid_FlashData.c...
compiling Mid_power_voltage.cpp...
compiling MidoptDCC.cpp...
compiling CLI_Config_cmd_group.cpp...
compiling CLI_Debug_cmd_group.cpp...
compiling ChipSlotLogic.c...
compiling CMibBasicAttribute.cpp...
compiling CMibCommunicationAttribute.cpp...
compiling CMibVersionInfoTable.cpp...
compiling CStdSystem.cpp...
compiling CMSSave.cpp...
compiling CAttributeFlash.cpp...
compiling CDeviceAttribute.cpp...
compiling CISAP100Factory.cpp...
compiling DeviceLocal.cpp...
compiling CMainBoard.cpp...
compiling CEMUX10Factory.cpp...
compiling CTMFactory.cpp...
compiling EthBoard.cpp...
compiling CUnframeE1.cpp...
compiling CUInterface.cpp...
compiling CUpE1Port.cpp...
compiling CNME1Port.cpp...
compiling CVC12CrossConnectionMagager.cpp...
compiling CTSCrossConnectionManager.cpp...
compiling CExtCard4E1.cpp...
compiling CExtCard8VF.cpp...
compiling CCardOnlineChecker.cpp...
compiling CIsapSlot.cpp...
compiling CExtCard8Data.cpp...
compiling CExtCard2BD.cpp...
compiling TableDevice.cpp...
compiling TableSlot.cpp...
compiling CMibSTMConfig.cpp...
compiling CMibSTMOverheadTable.cpp...
compiling CMibE1PortTable.cpp...
compiling CMibSTMAlarmProperty.cpp...
compiling CMibVcgConfigTable.cpp...
compiling CMibVcgMemberTable.cpp...
compiling CMibDebug.cpp...
compiling CSTM.cpp...
compiling SDHGroup.cpp...
compiling CMibMappingAddTable.cpp...
compiling CMibMappingProperty.cpp...
compiling CMibXCAddTable.cpp...
compiling CMibXCProperty.cpp...
compiling SlotLogicLX9.cpp...
compiling Lpc3250upload.cpp...
compiling cfg_save_nand.c...
compiling CVCG.cpp...
compiling CVCGGroup.cpp...
compiling PortEth.cpp...
compiling SwitchModule.cpp...
compiling CVFPort.cpp...
compiling CDataPort.cpp...
compiling InnerDCCManager.cpp...
compiling DCNXe1Snd.cpp...
compiling UpE1DCNChannelSnd.cpp...
compiling UpE1SabitChannelSnd.cpp...
compiling TopoManager.cpp...
linking...
Program Size: Code=666700 RO-data=64124 RW-data=3980 ZI-data=5806148  
User command #1: fromelf --bin --output ./bin/ISAP100_Release.bin ./UV4Build/ISAP100_Release.axf
".\UV4Build\ISAP100_Release.axf" - 0 Error(s), 0 Warning(s).
Build target 'LPC3250'
compiling ISAP_RTX.cpp...
compiling Task_OnlineCheck.cpp...
compiling Task_EthernetRcv.cpp...
compiling Task_led.cpp...
compiling Task_Led_E1.cpp...
compiling Task_config_store.cpp...
compiling Task_alarm.cpp...
compiling Mid_FlashData.c...
compiling Mid_power_voltage.cpp...
compiling MidoptDCC.cpp...
compiling CLI_Config_cmd_group.cpp...
compiling CLI_Debug_cmd_group.cpp...
compiling ChipSlotLogic.c...
compiling CMibBasicAttribute.cpp...
compiling CMibCommunicationAttribute.cpp...
compiling CMibVersionInfoTable.cpp...
compiling CStdSystem.cpp...
compiling CMSSave.cpp...
compiling CAttributeFlash.cpp...
compiling CDeviceAttribute.cpp...
compiling CISAP100Factory.cpp...
compiling DeviceLocal.cpp...
compiling CMainBoard.cpp...
compiling CEMUX10Factory.cpp...
compiling CTMFactory.cpp...
compiling EthBoard.cpp...
compiling CUnframeE1.cpp...
compiling CUInterface.cpp...
compiling CUpE1Port.cpp...
compiling CNME1Port.cpp...
compiling CVC12CrossConnectionMagager.cpp...
compiling CTSCrossConnectionManager.cpp...
compiling CExtCard4E1.cpp...
compiling CExtCard8VF.cpp...
compiling CCardOnlineChecker.cpp...
compiling CIsapSlot.cpp...
compiling CExtCard8Data.cpp...
compiling CExtCard2BD.cpp...
compiling TableDevice.cpp...
compiling TableSlot.cpp...
compiling CMibSTMConfig.cpp...
compiling CMibSTMOverheadTable.cpp...
compiling CMibE1PortTable.cpp...
compiling CMibSTMAlarmProperty.cpp...
compiling CMibVcgConfigTable.cpp...
compiling CMibVcgMemberTable.cpp...
compiling CMibDebug.cpp...
compiling CSTM.cpp...
compiling SDHGroup.cpp...
compiling CMibMappingAddTable.cpp...
compiling CMibMappingProperty.cpp...
compiling CMibXCAddTable.cpp...
compiling CMibXCProperty.cpp...
compiling SlotLogicLX9.cpp...
compiling Lpc3250upload.cpp...
compiling cfg_save_nand.c...
compiling CVCG.cpp...
compiling CVCGGroup.cpp...
compiling PortEth.cpp...
compiling SwitchModule.cpp...
compiling CVFPort.cpp...
compiling CDataPort.cpp...
compiling InnerDCCManager.cpp...
compiling DCNXe1Snd.cpp...
compiling UpE1DCNChannelSnd.cpp...
compiling UpE1SabitChannelSnd.cpp...
compiling TopoManager.cpp...
linking...
Program Size: Code=666700 RO-data=64124 RW-data=3980 ZI-data=5806148  
User command #1: fromelf --bin --output ./bin/ISAP100_Release.bin ./UV4Build/ISAP100_Release.axf
".\UV4Build\ISAP100_Release.axf" - 0 Error(s), 0 Warning(s).
Build target 'LPC3250'
compiling LPC32_EMAC.c...
linking...
Program Size: Code=667136 RO-data=64140 RW-data=3976 ZI-data=5806148  
User command #1: fromelf --bin --output ./bin/ISAP100_Release.bin ./UV4Build/ISAP100_Release.axf
".\UV4Build\ISAP100_Release.axf" - 0 Error(s), 0 Warning(s).
