<html>
<body>
<pre>
<h1>µVision Build Log</h1>
<h2>Project:</h2>
D:\EclipseWorkspace\ISAP100_Realese_V2.0\ISAP100_Realese.uvproj
Project File Date:  08/16/2013

<h2>Output:</h2>
Build target 'LPC3250'
compiling Mid_RC6400App.c...
compiling CLI_Config_cmd_group.cpp...
compiling CLI_Debug_cmd_group.cpp...
compiling DeviceLocal.cpp...
compiling CVC12CrossConnectionMagager.cpp...
./Src/Application/DeviceComponent/CrossConnectionModule/CVC12CrossConnectionMagager.cpp(60): error:  #20: identifier "UN_Info" is undefined
./Src/Application/DeviceComponent/CrossConnectionModule/CVC12CrossConnectionMagager.cpp(60): error:  #276: name followed by "::" must be a class or namespace name
compiling CVCG.cpp...
Target not created
Build target 'LPC3250'
compiling CVC12CrossConnectionMagager.cpp...
linking...
Program Size: Code=503816 RO-data=51444 RW-data=2896 ZI-data=5772788  
User command #1: fromelf --bin --output ./bin/ISAP100_Realeset.bin ./UV4Build/ISAP100_Realese.axf
".\UV4Build\ISAP100_Realese.axf" - 0 Error(s), 0 Warning(s).
Build target 'LPC3250'
compiling SDHGroup.cpp...
linking...
Program Size: Code=503896 RO-data=51444 RW-data=2896 ZI-data=5772804  
User command #1: fromelf --bin --output ./bin/ISAP100_Realeset.bin ./UV4Build/ISAP100_Realese.axf
".\UV4Build\ISAP100_Realese.axf" - 0 Error(s), 0 Warning(s).
Build target 'LPC3250'
compiling fixaddr.c...
linking...
Program Size: Code=503896 RO-data=51444 RW-data=2896 ZI-data=5772804  
User command #1: fromelf --bin --output ./bin/ISAP100_Realeset.bin ./UV4Build/ISAP100_Realese.axf
".\UV4Build\ISAP100_Realese.axf" - 0 Error(s), 0 Warning(s).
Rebuild target 'LPC3250'
compiling ISAP_RTX.cpp...
compiling SNMP_Process.cpp...
compiling Net_lib.c...
compiling File_Config.c...
compiling Net_Config.c...
compiling Net_Debug.c...
compiling RTX_Config.c...
compiling Retarget.c...
compiling IRQ.c...
compiling TFTP_uif.c...
compiling fs_time.c...
compiling RTX_Swi.c...
assembling SWI_Table.s...
compiling SNMP_MIB.c...
compiling LPC32_EMAC.c...
compiling NAND_LPC32xx.c...
compiling lpc32xx_adc_driver.c...
compiling lpc32xx_clcdc_driver.c...
compiling lpc32xx_clkpwr_driver.c...
compiling lpc32xx_dma_driver.c...
compiling lpc32xx_gpio_driver.c...
compiling lpc32xx_hstimer_driver.c...
compiling lpc32xx_hsuart_driver.c...
compiling lpc32xx_i2c_driver.c...
compiling lpc32xx_i2s_driver.c...
compiling lpc32xx_intc_driver.c...
compiling lpc32xx_kscan_driver.c...
compiling lpc32xx_mlcnand_driver.c...
compiling lpc32xx_mstimer_driver.c...
compiling lpc32xx_mstr_i2c_driver.c...
compiling lpc32xx_pwm_driver.c...
compiling lpc32xx_rtc_driver.c...
compiling lpc32xx_sdcard_driver.c...
compiling lpc32xx_slcnand_driver.c...
compiling lpc32xx_spi_driver.c...
compiling lpc32xx_ssp_driver.c...
compiling lpc32xx_timer_driver.c...
compiling lpc32xx_tsc_driver.c...
compiling lpc32xx_uart_driver.c...
assembling lpc32xx_vectors.s...
compiling lpc32xx_wdt_driver.c...
compiling lpc3xxx_spwm_driver.c...
compiling lpc_api.c...
compiling lpc_arm922t_cp15_driver.c...
compiling lpc_bmp.c...
compiling lpc_colors.c...
compiling lpc_fat16.c...
compiling lpc_fat16_private.c...
compiling lpc_fonts.c...
compiling lpc_heap.c...
compiling lpc_helvr10.c...
compiling lpc_lbecc.c...
compiling lpc_lcd_params.c...
compiling lpc_line_parser.c...
compiling lpc_nandflash_params.c...
compiling lpc_rom8x16.c...
compiling lpc_rom8x8.c...
compiling lpc_swim.c...
compiling lpc_swim_font.c...
compiling lpc_swim_image.c...
compiling lpc_winfreesystem14x16.c...
compiling lpc_x5x7.c...
compiling lpc_x6x13.c...
compiling lpc_string.c...
assembling LPC32x0_arm.s...
compiling Task_CLI.cpp...
compiling Task_OnlineCheck.cpp...
compiling Task_EthernetRcv.cpp...
compiling Task_Reset.cpp...
compiling Task_led.cpp...
compiling Task_Led_E1.cpp...
compiling Task_config_store.cpp...
compiling Task_alarm.cpp...
compiling Task_aging.cpp...
compiling Taskwdt.cpp...
compiling Serial.cpp...
compiling Mid_CLI.c...
compiling TerminalUart.c...
compiling FVIdt821054Access.c...
compiling Mid_I2C.c...
compiling Mid_RC6400App.c...
compiling Mid_RC7880A1App.c...
compiling Mid_SMI.c...
compiling Mid_SPI.c...
compiling Pcm821054.cpp...
compiling Mid_NandFlash.c...
compiling Mid_FlashData.c...
compiling MidoptDCC.c...
compiling ISAP100Led.cpp...
compiling MidWatchDog.cpp...
compiling MidMC145572.cpp...
compiling CLI_Config_cmd_group.cpp...
compiling CLI_Debug_cmd_group.cpp...
compiling Chip4E1Logic.c...
compiling Chip8306E.c...
compiling Chip8VFLogic.c...
compiling ChipGluLogic.c...
compiling ChipOptLogic.c...
compiling ChipSlotLogic.c...
compiling ChipLM75A.cpp...
compiling Chip8DataLogic.cpp...
compiling Chip2BDLogic.cpp...
compiling rtk_api.c...
compiling rtl8306e_asicdrv.c...
compiling RC6400.c...
compiling rc7880RegDriverFuncLib.c...
compiling s1l_cmds.c...
compiling s1l_line_input.c...
compiling CSnmpCell.cpp...
compiling CSnmpCommand.cpp...
compiling CSnmpDataInOut.cpp...
compiling CSnmpStatic.cpp...
compiling CSnmpVariable.cpp...
compiling CSnmpVariableBinding.cpp...
compiling CThreadTask.cpp...
compiling CUDPData.cpp...
compiling CClassPointer.cpp...
compiling CMibColumn.cpp...
compiling CMibEntry.cpp...
compiling CMibImpl.cpp...
compiling CMibNodeObject.cpp...
compiling CSnmpMib.cpp...
compiling CMibGroup.cpp...
compiling CMibTable.cpp...
compiling CMibTableColumn.cpp...
compiling CMibAttribute.cpp...
compiling CMibBasicAttribute.cpp...
compiling CMibCommunicationAttribute.cpp...
compiling CMibDateAttribute.cpp...
compiling CMibVersionInfoTable.cpp...
compiling CStdSystem.cpp...
compiling CMSSave.cpp...
compiling AlarmElement.cpp...
compiling CifSTMAlarmStatus.cpp...
compiling CifVC12AlarmStatus.cpp...
compiling CifVCGAlarmStatus.cpp...
compiling RealPortBase.cpp...
compiling CAttributeFlash.cpp...
compiling CDeviceAttribute.cpp...
compiling CISAP100Factory.cpp...
compiling CInterfaceCardCreatFactory.cpp...
compiling CNandFlash.cpp...
compiling DeviceLocal.cpp...
compiling CMainBoard.cpp...
compiling CLoopModule.cpp...
compiling CEMUX10Factory.cpp...
compiling CE1BufferDeepthChecker.cpp...
compiling CUnframeE1.cpp...
compiling CE1Channel.cpp...
compiling CUInterface.cpp...
compiling CCrossConnection.cpp...
compiling CVC12CrossConnectionMagager.cpp...
compiling CTSCrossConnectionManager.cpp...
compiling CBaseCard.cpp...
compiling CBaseSlot.cpp...
compiling CExtCard4E1.cpp...
compiling CExtCard8VF.cpp...
compiling CSlotManager.cpp...
compiling CCardOnlineChecker.cpp...
compiling CIsapSlot.cpp...
compiling CIsap100HardwareDesc.cpp...
compiling CPowerCard.cpp...
compiling CPowerSlot.cpp...
compiling CExtCard8Data.cpp...
compiling CExtCard2BD.cpp...
compiling CE1FPGAImpl.cpp...
compiling CAttributeSave.cpp...
compiling CCheckData.cpp...
compiling fixaddr.c...
compiling UID.cpp...
compiling RTC.cpp...
compiling TraceCounter.cpp...
compiling CPPTools.cpp...
compiling EthMemory.c...
compiling CMibElement.cpp...
compiling CMibNEStruct.cpp...
compiling GroupCardList.cpp...
compiling GroupDeviceList.cpp...
compiling GroupTopology.cpp...
compiling NEStructGroup.cpp...
compiling TableDevice.cpp...
compiling TableSlot.cpp...
compiling TableTopoOption.cpp...
compiling TableTopoStatus.cpp...
compiling CMibInterface.cpp...
compiling CMibVC12.cpp...
compiling CMibVC12Port.cpp...
compiling CMibSTM.cpp...
compiling CMibSTMConfig.cpp...
compiling CMibSTMOverheadTable.cpp...
compiling CMibE1PortTable.cpp...
compiling CMibSTMAlarmProperty.cpp...
compiling CMibE1.cpp...
compiling CMibE1AlarmPropertyTable.cpp...
compiling CMibE1ChannelTable.cpp...
compiling CMibTS.cpp...
compiling CMibTSChannelTable.cpp...
compiling CMibVFPortTable.cpp...
compiling CMibVcgConfigTable.cpp...
compiling CMibVcgGroup.cpp...
compiling CMibVcgMemberTable.cpp...
compiling CMibDataPortTable.cpp...
compiling CMibUPortTable.cpp...
compiling CMibDebug.cpp...
compiling CSTM.cpp...
compiling CVC12.cpp...
compiling SDHGroup.cpp...
compiling CMibModule.cpp...
compiling CMibFunctionModuleGroup.cpp...
compiling CMibMappingAddTable.cpp...
compiling CMibMappingProperty.cpp...
compiling CMibXCAddTable.cpp...
compiling CMibXCProperty.cpp...
compiling CMibLoopAddTable.cpp...
compiling CMibLoopPropertyTable.cpp...
compiling CMibLoopablePortTable.cpp...
compiling SlotLogicLX9.cpp...
compiling Lpc3250upload.cpp...
compiling cfg_save_nand.c...
compiling CVCG.cpp...
compiling CVCGGroup.cpp...
compiling CVCGMember.cpp...
compiling AlarmAUSite.cpp...
compiling AlarmHPSite.cpp...
compiling AlarmLPSite.cpp...
compiling AlarmMSSite.cpp...
compiling AlarmTUSite.cpp...
compiling AlarmVCGSite.cpp...
compiling AlarmUnframeE1site.cpp...
compiling AlarmVCGMemberSite.cpp...
compiling CSTBus.cpp...
compiling CTSChannel.cpp...
compiling CTSE1.cpp...
compiling CVFPort.cpp...
compiling CDataPort.cpp...
compiling AlarmItem.cpp...
compiling SingleCurrentAlarm.cpp...
compiling SingleHistoryAlarm.cpp...
compiling AlarmGroup.cpp...
compiling AlarmNumberTable.cpp...
compiling AlarmPropertyGlobalTable.cpp...
compiling CurrentAlarmTable.cpp...
compiling HistoryAlarmTable.cpp...
compiling CFinishedPacket.cpp...
compiling MacPortMap.cpp...
compiling PriPacket.cpp...
compiling SwitchCore.cpp...
compiling SwitchPort.cpp...
compiling SwitchPortCPU.cpp...
compiling SwitchPortInner.cpp...
compiling SwitchPortStd.cpp...
compiling switchPortSNMP.cpp...
compiling Layer2Tag.cpp...
compiling DCCChannelRcv.cpp...
compiling DCCChannelSnd.cpp...
compiling DCCSdhRcv.cpp...
compiling DCCSdhSnd.cpp...
compiling InnerDCCManager.cpp...
compiling DCCXe1Rcv.cpp...
compiling DCCXe1Snd.cpp...
compiling TopoManager.cpp...
linking...
Program Size: Code=503896 RO-data=51444 RW-data=2896 ZI-data=5772804  
User command #1: fromelf --bin --output ./bin/ISAP100_Realeset.bin ./UV4Build/ISAP100_Realese.axf
".\UV4Build\ISAP100_Realese.axf" - 0 Error(s), 0 Warning(s).
Build target 'LPC3250'
linking...
Program Size: Code=503896 RO-data=51444 RW-data=2896 ZI-data=5772804  
User command #1: fromelf --bin --output ./bin/ISAP100_Realeset.bin ./UV4Build/ISAP100_Realese.axf
".\UV4Build\ISAP100_Release.axf" - 0 Error(s), 0 Warning(s).
Build target 'LPC3250'
linking...
Program Size: Code=503896 RO-data=51444 RW-data=2896 ZI-data=5772804  
User command #1: fromelf --bin --output ./bin/ISAP100_Release.bin ./UV4Build/ISAP100_Release.axf
".\UV4Build\ISAP100_Release.axf" - 0 Error(s), 0 Warning(s).
Build target 'LPC3250'
compiling Mid_RC6400App.c...
./Src/MidWare/Mid_RC6400App.c(92): error:  #65: expected a ";"
./Src/MidWare/Mid_RC6400App.c(123): error:  #65: expected a ";"
Target not created
Build target 'LPC3250'
compiling Mid_RC6400App.c...
linking...
Program Size: Code=503932 RO-data=51444 RW-data=2892 ZI-data=5772804  
User command #1: fromelf --bin --output ./bin/ISAP100_Release.bin ./UV4Build/ISAP100_Release.axf
".\UV4Build\ISAP100_Release.axf" - 0 Error(s), 0 Warning(s).
Build target 'LPC3250'
linking...
Program Size: Code=503932 RO-data=51444 RW-data=2892 ZI-data=5772804  
User command #1: fromelf --bin --output ./bin/ISAP100_Release.bin ./UV4Build/ISAP100_Release.axf
".\UV4Build\ISAP100_Release.axf" - 0 Error(s), 0 Warning(s).
Build target 'LPC3250'
compiling fixaddr.c...
linking...
Program Size: Code=503932 RO-data=51444 RW-data=2892 ZI-data=5772804  
User command #1: fromelf --bin --output ./bin/ISAP100_Release.bin ./UV4Build/ISAP100_Release.axf
".\UV4Build\ISAP100_Release.axf" - 0 Error(s), 0 Warning(s).
Build target 'LPC3250'
compiling MidMC145572.cpp...
compiling CLI_Debug_cmd_group.cpp...
./Src/MidWare/CLI_Commands/CLI_Debug_cmd_group.cpp(772): error:  #20: identifier "ST_E1" is undefined
./Src/MidWare/CLI_Commands/CLI_Debug_cmd_group.cpp(773): error:  #276: name followed by "::" must be a class or namespace name
./Src/MidWare/CLI_Commands/CLI_Debug_cmd_group.cpp(774): error:  #20: identifier "CUInterface" is undefined
./Src/MidWare/CLI_Commands/CLI_Debug_cmd_group.cpp(774): error:  #20: identifier "ui" is undefined
./Src/MidWare/CLI_Commands/CLI_Debug_cmd_group.cpp(774): error:  #276: name followed by "::" must be a class or namespace name
./Src/MidWare/CLI_Commands/CLI_Debug_cmd_group.cpp(792): error:  #20: identifier "ST_E1" is undefined
./Src/MidWare/CLI_Commands/CLI_Debug_cmd_group.cpp(793): error:  #276: name followed by "::" must be a class or namespace name
./Src/MidWare/CLI_Commands/CLI_Debug_cmd_group.cpp(794): error:  #20: identifier "CUInterface" is undefined
./Src/MidWare/CLI_Commands/CLI_Debug_cmd_group.cpp(794): error:  #20: identifier "ui" is undefined
./Src/MidWare/CLI_Commands/CLI_Debug_cmd_group.cpp(794): error:  #276: name followed by "::" must be a class or namespace name
./Src/MidWare/CLI_Commands/CLI_Debug_cmd_group.cpp(812): error:  #20: identifier "ST_E1" is undefined
./Src/MidWare/CLI_Commands/CLI_Debug_cmd_group.cpp(813): error:  #276: name followed by "::" must be a class or namespace name
./Src/MidWare/CLI_Commands/CLI_Debug_cmd_group.cpp(814): error:  #20: identifier "CUInterface" is undefined
./Src/MidWare/CLI_Commands/CLI_Debug_cmd_group.cpp(814): error:  #20: identifier "ui" is undefined
./Src/MidWare/CLI_Commands/CLI_Debug_cmd_group.cpp(814): error:  #276: name followed by "::" must be a class or namespace name
compiling CUInterface.cpp...
compiling CExtCard2BD.cpp...
compiling CMibUPortTable.cpp...
Target not created
Build target 'LPC3250'
compiling CLI_Debug_cmd_group.cpp...
linking...
Program Size: Code=504376 RO-data=51920 RW-data=2892 ZI-data=5772812  
User command #1: fromelf --bin --output ./bin/ISAP100_Release.bin ./UV4Build/ISAP100_Release.axf
".\UV4Build\ISAP100_Release.axf" - 0 Error(s), 0 Warning(s).
